USER: PKA6039            T.D.C.J. - INSTITUTIONAL DIVISION              PAGE   1
DATE: 05/27/10               DOCUMENT    LISTING                  TIME: 08:31:02

DOCUMENT NO:    331731.00
CUSTOMER: 03200240006 E2- FOOD SERVICE  SUPPLIER: 00100240011 FOOD-WY
REFERENCE DOC.: SACKS/HS
ATTENTION     :
COMMENTS      : SACKS/SPICES HIGH SECURITY KITCHEN


  1. 275-42-00800-1      COOKING STARCH
     LOC=SACKS 05      REQ        1 BAG          05/25/10

  2. 275-51-01300-9      FLOUR
     LOC=SACKS 06      REQ       20 BAG          05/25/10

  3. 275-72-02300-3      RICE
     LOC=SACKS 07      REQ       35 BAG          05/25/10

  4. 275-73-02400-0      SALT
     LOC=SACKS 08      REQ        8 BAG          05/25/10

  5. 275-80-20901-6      SEASONING, CHILI POWDER
     LOC=SACKS 14      REQ       10 BTL          05/25/10

  6. 275-80-23600-1      SEASONING, CINNAMON
     LOC=SACKS 15      REQ        6 BTL          05/25/10

  7. 275-80-29400-0      SEASONING, CUMIN
     LOC=SACKS 22      REQ        4 PKG          05/25/10

  8. 275-80-41800-5      SEASONING, GARLIC POWDER
     LOC=SACKS 16      REQ       15 PKG          05/25/10

  9. 275-80-71600-2      SEASONING, BLACK PEPPER
     LOC=SACKS 12      REQ       15 BTL          05/25/10

 10. 275-80-74300-6      SEASONING, CAYENNE
     LOC=SACKS 13      REQ        5 BTL          05/25/10

 11. 275-80-83600-8      SEASONING, POULTRY
     LOC=SACKS 18      REQ        2 BTL          05/25/10

 12. 275-80-94011-5      SEASONING, "SEASON-ALL"
     LOC=SACKS 19      REQ        9 BTL          05/25/10

 13. 275-81-00000-0      SEASONING MIX, ITALIAN
     LOC=SACKS 17      REQ        1 BTL          05/25/10

 14. 275-81-00001-8      SEASONING MIX, SLOPPY JOE
     LOC=SACKS 20      REQ        1 BTL          05/25/10

 15. 275-81-00002-6      SEASONING MIX, TACO
     LOC=SACKS 21      REQ        1 BTL          05/25/10

 16. 275-81-02900-9      SUGAR, BROWN

 CONTINUED ON NEXT PAGE

USER: PKA6039            T.D.C.J. - INSTITUTIONAL DIVISION              PAGE   2
DATE: 05/27/10               DOCUMENT    LISTING                  TIME: 08:31:02
     LOC=SACKS 09      REQ        7 BAG          05/25/10

 17. 275-81-02901-7      SUGAR, GRANULATED
     LOC=SACKS 10      REQ       35 CS           05/25/10

 18. 275-81-02902-5      SUGAR, POWDERED
     LOC=SACKS 11      REQ        1 BAG          05/25/10

 19. 275-87-03200-7      BEANS, DRIED, PINTO
     LOC=SACKS 02      REQ      100 BAG          05/25/10

 20. 275-87-13201-3      BEANS, NAVY DRIED
     LOC=SACKS 03      REQ       35 BAG          05/25/10

 21. 275-87-14200-4      BEANS, GREAT NORTHERN DRIED 50LBS/BAG
     LOC=SACKS         REQ       15 BAG          05/25/10
   END  OF  REPORT








































